// Jest Snapshot v1, https://goo.gl/fbAQLP

exports[`ButtonComponent tests snap 1`] = `
<button
  className="sc-bczRLJ jqbBEv"
  onClick={[Function]}
>
  kek
</button>
`;
