// Jest Snapshot v1, https://goo.gl/fbAQLP

exports[`InputComponent should render a correct element 1`] = `
.c0 {
  width: 100%;
  height: 76px;
  color: inherit;
  text-align: right;
  background-color: inherit;
  border: none;
  margin-bottom: 18px;
  font-weight: 700;
  font-size: 56px;
  line-height: 80px;
}

.c0:focus {
  outline: none;
}

@media only screen and (max-width:768px) {
  .c0 {
    height: 1.5em;
    font-weight: 500;
    font-size: 28px;
    line-height: 40px;
  }

  .c0 >:not(:last-child) {
    margin-bottom: 14px;
  }
}

<div>
  <input
    class="c0"
    data-testid="input"
    value="value"
  />
</div>
`;
